[2026-05-25T01:08:06.672+0000][33][info][gc,init] CardTable entry size: 512
[2026-05-25T01:08:06.678+0000][33][info][gc     ] Using G1
[2026-05-25T01:08:06.685+0000][33][info][gc,init] Version: 22.0.1+8-16 (release)
[2026-05-25T01:08:06.686+0000][33][info][gc,init] CPUs: 8 total, 8 available
[2026-05-25T01:08:06.686+0000][33][info][gc,init] Memory: 15900M
[2026-05-25T01:08:06.686+0000][33][info][gc,init] Large Page Support: Disabled
[2026-05-25T01:08:06.687+0000][33][info][gc,init] NUMA Support: Disabled
[2026-05-25T01:08:06.687+0000][33][info][gc,init] Compressed Oops: Enabled (32-bit)
[2026-05-25T01:08:06.688+0000][33][info][gc,init] Heap Region Size: 1M
[2026-05-25T01:08:06.688+0000][33][info][gc,init] Heap Min Capacity: 512M
[2026-05-25T01:08:06.688+0000][33][info][gc,init] Heap Initial Capacity: 512M
[2026-05-25T01:08:06.689+0000][33][info][gc,init] Heap Max Capacity: 512M
[2026-05-25T01:08:06.689+0000][33][info][gc,init] Pre-touch: Disabled
[2026-05-25T01:08:06.689+0000][33][info][gc,init] Parallel Workers: 8
[2026-05-25T01:08:06.690+0000][33][info][gc,init] Concurrent Workers: 2
[2026-05-25T01:08:06.690+0000][33][info][gc,init] Concurrent Refinement Workers: 8
[2026-05-25T01:08:06.690+0000][33][info][gc,init] Periodic GC: Disabled
[2026-05-25T01:08:06.705+0000][33][info][gc,metaspace] CDS archive(s) mapped at: [0x00007cf30a000000-0x00007cf30ac74000-0x00007cf30ac74000), size 13058048, SharedBaseAddress: 0x00007cf30a000000, ArchiveRelocationMode: 1.
[2026-05-25T01:08:06.705+0000][33][info][gc,metaspace] Compressed class space mapped at: 0x00007cf30b000000-0x00007cf34b000000, reserved size: 1073741824
[2026-05-25T01:08:06.706+0000][33][info][gc,metaspace] Narrow klass base: 0x00007cf30a000000, Narrow klass shift: 0, Narrow klass range: 0x100000000
[2026-05-25T01:08:06.827+0000][33][info][gc,heap,exit] Heap
[2026-05-25T01:08:06.828+0000][33][info][gc,heap,exit]  garbage-first heap   total reserved 524288K, committed 524288K, used 4129K [0x00000000e0000000, 0x0000000100000000)
[2026-05-25T01:08:06.828+0000][33][info][gc,heap,exit]   region size 1024K, 3 young (3072K), 0 survivors (0K)
[2026-05-25T01:08:06.828+0000][33][info][gc,heap,exit]  Metaspace       used 218K, committed 448K, reserved 1114112K
[2026-05-25T01:08:06.828+0000][33][info][gc,heap,exit]   class space    used 5K, committed 128K, reserved 1048576K
