[2026-05-25T01:08:06.887+0000][53][info][gc,init] CardTable entry size: 512
[2026-05-25T01:08:06.892+0000][53][info][gc     ] Using G1
[2026-05-25T01:08:06.901+0000][53][info][gc,init] Version: 22.0.1+8-16 (release)
[2026-05-25T01:08:06.901+0000][53][info][gc,init] CPUs: 8 total, 8 available
[2026-05-25T01:08:06.901+0000][53][info][gc,init] Memory: 15900M
[2026-05-25T01:08:06.902+0000][53][info][gc,init] Large Page Support: Disabled
[2026-05-25T01:08:06.902+0000][53][info][gc,init] NUMA Support: Disabled
[2026-05-25T01:08:06.902+0000][53][info][gc,init] Compressed Oops: Enabled (32-bit)
[2026-05-25T01:08:06.902+0000][53][info][gc,init] Heap Region Size: 1M
[2026-05-25T01:08:06.903+0000][53][info][gc,init] Heap Min Capacity: 512M
[2026-05-25T01:08:06.903+0000][53][info][gc,init] Heap Initial Capacity: 512M
[2026-05-25T01:08:06.904+0000][53][info][gc,init] Heap Max Capacity: 512M
[2026-05-25T01:08:06.904+0000][53][info][gc,init] Pre-touch: Disabled
[2026-05-25T01:08:06.904+0000][53][info][gc,init] Parallel Workers: 8
[2026-05-25T01:08:06.904+0000][53][info][gc,init] Concurrent Workers: 2
[2026-05-25T01:08:06.905+0000][53][info][gc,init] Concurrent Refinement Workers: 8
[2026-05-25T01:08:06.905+0000][53][info][gc,init] Periodic GC: Disabled
[2026-05-25T01:08:06.916+0000][53][info][gc,metaspace] CDS archive(s) mapped at: [0x000073d57a000000-0x000073d57ac74000-0x000073d57ac74000), size 13058048, SharedBaseAddress: 0x000073d57a000000, ArchiveRelocationMode: 1.
[2026-05-25T01:08:06.919+0000][53][info][gc,metaspace] Compressed class space mapped at: 0x000073d57b000000-0x000073d5bb000000, reserved size: 1073741824
[2026-05-25T01:08:06.919+0000][53][info][gc,metaspace] Narrow klass base: 0x000073d57a000000, Narrow klass shift: 0, Narrow klass range: 0x100000000
[2026-05-25T01:08:07.032+0000][53][info][gc,heap,exit] Heap
[2026-05-25T01:08:07.033+0000][53][info][gc,heap,exit]  garbage-first heap   total reserved 524288K, committed 524288K, used 4129K [0x00000000e0000000, 0x0000000100000000)
[2026-05-25T01:08:07.033+0000][53][info][gc,heap,exit]   region size 1024K, 3 young (3072K), 0 survivors (0K)
[2026-05-25T01:08:07.034+0000][53][info][gc,heap,exit]  Metaspace       used 216K, committed 448K, reserved 1114112K
[2026-05-25T01:08:07.034+0000][53][info][gc,heap,exit]   class space    used 5K, committed 128K, reserved 1048576K
