[2026-05-25T22:25:30.472+0000][64][info][gc,init] CardTable entry size: 512
[2026-05-25T22:25:30.490+0000][64][info][gc     ] Using G1
[2026-05-25T22:25:30.504+0000][64][info][gc,init] Version: 22.0.1+8-16 (release)
[2026-05-25T22:25:30.506+0000][64][info][gc,init] CPUs: 8 total, 8 available
[2026-05-25T22:25:30.509+0000][64][info][gc,init] Memory: 15900M
[2026-05-25T22:25:30.510+0000][64][info][gc,init] Large Page Support: Disabled
[2026-05-25T22:25:30.511+0000][64][info][gc,init] NUMA Support: Disabled
[2026-05-25T22:25:30.512+0000][64][info][gc,init] Compressed Oops: Enabled (32-bit)
[2026-05-25T22:25:30.512+0000][64][info][gc,init] Heap Region Size: 1M
[2026-05-25T22:25:30.513+0000][64][info][gc,init] Heap Min Capacity: 512M
[2026-05-25T22:25:30.515+0000][64][info][gc,init] Heap Initial Capacity: 512M
[2026-05-25T22:25:30.515+0000][64][info][gc,init] Heap Max Capacity: 512M
[2026-05-25T22:25:30.517+0000][64][info][gc,init] Pre-touch: Disabled
[2026-05-25T22:25:30.518+0000][64][info][gc,init] Parallel Workers: 8
[2026-05-25T22:25:30.521+0000][64][info][gc,init] Concurrent Workers: 2
[2026-05-25T22:25:30.525+0000][64][info][gc,init] Concurrent Refinement Workers: 8
[2026-05-25T22:25:30.533+0000][64][info][gc,init] Periodic GC: Disabled
[2026-05-25T22:25:30.572+0000][64][info][gc,metaspace] CDS archive(s) mapped at: [0x00007fa836000000-0x00007fa836c74000-0x00007fa836c74000), size 13058048, SharedBaseAddress: 0x00007fa836000000, ArchiveRelocationMode: 1.
[2026-05-25T22:25:30.574+0000][64][info][gc,metaspace] Compressed class space mapped at: 0x00007fa837000000-0x00007fa877000000, reserved size: 1073741824
[2026-05-25T22:25:30.576+0000][64][info][gc,metaspace] Narrow klass base: 0x00007fa836000000, Narrow klass shift: 0, Narrow klass range: 0x100000000
[2026-05-25T22:25:30.866+0000][64][info][gc,heap,exit] Heap
[2026-05-25T22:25:30.869+0000][64][info][gc,heap,exit]  garbage-first heap   total reserved 524288K, committed 524288K, used 4129K [0x00000000e0000000, 0x0000000100000000)
[2026-05-25T22:25:30.873+0000][64][info][gc,heap,exit]   region size 1024K, 3 young (3072K), 0 survivors (0K)
[2026-05-25T22:25:30.874+0000][64][info][gc,heap,exit]  Metaspace       used 209K, committed 448K, reserved 1114112K
[2026-05-25T22:25:30.875+0000][64][info][gc,heap,exit]   class space    used 5K, committed 128K, reserved 1048576K
